# config=vm-tracked run=3 status=OK src=mmc
# t_sec_since_go	text
   0.1002	go 0x20000000
   0.1002	## Starting application at 0x20000000 ...
   0.2003	
   0.2003	ELF-loader started on CPU: ARM Ltd. Cortex-A55 r1p0
   0.2004	  paddr=[10728000..1376012f]
   0.2004	No DTB passed in from boot loader.
   0.2004	Looking for DTB in CPIO archive...found at 1082a5c0.
   0.2004	Loaded DTB from 1082a5c0.
   0.2004	   paddr=[242000..24dfff]
   0.2004	ELF-loading image 'kernel' to 0
   0.2004	  paddr=[0..241fff]
   0.2004	  vaddr=[8000000000..8000241fff]
   0.2004	  virt_entry=8000000000
   0.2004	ELF-loading image 'sel4test-driver' to 80000000
   0.2004	  paddr=[80000000..8ade5fff]
   0.2004	  vaddr=[400000..b1e5fff]
   0.2004	  virt_entry=45aa60
   0.6015	Enabling hypervisor MMU and paging
   0.6015	Jumping to kernel-image entry point...
   0.6015	
   0.6015	Bootstrapping kernel
   0.6015	available phys memory regions: 2
   0.6015	  [0..5000000]
   0.6015	  [5300000..f5800000]
   0.6015	reserved virt address space regions: 3
   0.6015	  [8000000000..8000242000]
   0.6015	  [8000242000..800024dbc7]
   0.6015	  [8080000000..808ade6000]
   0.6015	Booting all finished, dropped to user space
   1.0025	Node 0 of 1
   1.0025	IOPT levels:     0
   1.0025	IPC buffer:      0xb1e6000
   1.0025	Empty slots:     [44702 --> 131072)
   1.1025	sharedFrames:    [0 --> 0)
   1.1025	userImageFrames: [116 --> 44634)
   1.1025	userImagePaging: [16 --> 104)
   1.1025	untypeds:        [44634 --> 44702)
   1.1025	Initial thread domain: 0
   1.1025	Initial thread cnode size: 17
   1.1025	List of untypeds
   1.1025	------------------
   1.1025	Paddr    | Size |  SizeBits   | Device
   1.1025	0 | 16 | 64.0 KB | 0
   1.1025	0x24dbd0 | 4 | 16 bytes | 0
   1.1025	0x24dbe0 | 5 | 32 bytes | 0
   1.1025	0x24dc00 | 10 | 1.0 KB | 0
   1.1025	0x24e000 | 13 | 8.0 KB | 0
   1.1025	0x250000 | 16 | 64.0 KB | 0
   1.1025	0x260000 | 17 | 128.0 KB | 0
   1.1025	0x280000 | 19 | 512.0 KB | 0
   1.1025	0x300000 | 20 | 1.0 MB | 0
   1.1025	0x400000 | 22 | 4.0 MB | 0
   1.1025	0x800000 | 23 | 8.0 MB | 0
   1.1025	0x1000000 | 24 | 16.0 MB | 0
   1.1025	0x2000000 | 25 | 32.0 MB | 0
   1.1025	0x4000000 | 24 | 16.0 MB | 0
   1.1026	0x5300000 | 20 | 1.0 MB | 0
   1.1026	0x5400000 | 22 | 4.0 MB | 0
   1.1026	0x5800000 | 23 | 8.0 MB | 0
   1.1026	0x6000000 | 25 | 32.0 MB | 0
   1.1026	0x8000000 | 27 | 128.0 MB | 0
   1.1026	0x10000000 | 28 | 256.0 MB | 0
   1.1026	0x20000000 | 29 | 512.0 MB | 0
   1.1026	0x40000000 | 30 | 1.0 GB | 0
   1.1026	0x8ade6000 | 13 | 8.0 KB | 0
   1.1026	0x8ade8000 | 15 | 32.0 KB | 0
   1.1026	0x8adf0000 | 16 | 64.0 KB | 0
   1.1026	0x8ae00000 | 21 | 2.0 MB | 0
   1.1026	0x8b000000 | 24 | 16.0 MB | 0
   1.1026	0x8c000000 | 26 | 64.0 MB | 0
   1.1026	0x90000000 | 28 | 256.0 MB | 0
   1.1026	0xa0000000 | 29 | 512.0 MB | 0
   1.2027	0xc0000000 | 29 | 512.0 MB | 0
   1.2027	0xe0000000 | 28 | 256.0 MB | 0
   1.2027	0xf0000000 | 26 | 64.0 MB | 0
   1.2027	0xf4000000 | 24 | 16.0 MB | 0
   1.2027	0xf546d800 | 11 | 2.0 KB | 0
   1.2028	0xf546e000 | 13 | 8.0 KB | 0
   1.2028	0xf5470000 | 16 | 64.0 KB | 0
   1.2028	0xf5480000 | 19 | 512.0 KB | 0
   1.2028	0xf5500000 | 20 | 1.0 MB | 0
   1.2028	0xf5600000 | 21 | 2.0 MB | 0
   1.2028	1 untypeds of size 4
   1.2028	1 untypeds of size 5
   1.2028	1 untypeds of size 10
   1.2028	1 untypeds of size 11
   1.2028	3 untypeds of size 13
   1.2028	1 untypeds of size 15
   1.2028	4 untypeds of size 16
   1.2028	1 untypeds of size 17
   1.2028	2 untypeds of size 19
   1.2028	3 untypeds of size 20
   1.2028	2 untypeds of size 21
   1.2028	2 untypeds of size 22
   1.2028	2 untypeds of size 23
   1.2028	4 untypeds of size 24
   1.2028	2 untypeds of size 25
   1.2028	2 untypeds of size 26
   1.2028	1 untypeds of size 27
   1.2028	3 untypeds of size 28
   1.2028	3 untypeds of size 29
   1.2028	1 untypeds of size 30
   1.2028	Switching to a safer, bigger stack... 
   1.2028	
   1.2028	seL4 Test!!
   1.2028	=========
   1.2028	
   2.1049	vspace_reserve_range_at@vspace.h:742 vspace is NULL
   2.1049	create_reservations@elf.c:253 Failed to make reservation: 0x400000, 2293760
   2.2051	elf_reserve_regions_in_vspace@elf.c:452 Failed to create reservations
   2.2051	sel4utils_elf_reserve@elf.c:479 Failed to reserve regions
   2.2051	GPIServ Parent: Starting GPI server...
   2.2051	Starting test suite sel4test TT: 3 Count: 1
   2.2051	Starting test 0: Test that there are tests
   2.2051	Starting test 1: GPIVM004
   2.5056	Running test GPIVM004 (Test VMM that starts one Linux guest PD (osm))
   2.5056	------------------STARTING: test_linux_vm_osm------------------
   2.5056	virq_controller_init@virq.c:26 initialised virtual GICv2 driver
   3.4072	[37m[VMM] linux_copy_kernel_image():	[0mimages locations  vspace as returned by CPIO:
   3.5073		 kernel_image 0x811d40:0x155bf40, initrd: 0x155bfc0:0x161702e, dtb: 0x162057c:0x162c714 
   3.5073	[37m[VMM] linux_copy_kernel_image():	[0mcurrent vspace location:
   3.5073		 Linux guest ram: 0x20000000:0x0, initrd: 0x2d700000:0x2d7bb06e, dtb: 0x2d000000:0x2d00c198 
   3.5073	[37m[VMM] linux_setup_images():	[0mCopying guest kernel image to 0x20000000 (0xd4a200 bytes)
   3.5073	[37m[VMM] linux_setup_images():	[0mCopying guest DTB to 0x2d000000 (0xc198 bytes)
   3.5073	[37m[VMM] linux_setup_images():	[0mCopying guest initial RAM disk to 0x2d700000 (0xbb06e bytes)
   3.5073	vka_cspace_alloc@vka.h:149 Unimplemented
   3.5073	vka_alloc_object_at_maybe_dev@object.h:49 Failed to allocate cslot: error -1
   3.5073	Caught cap fault in send phase at address 0
   3.5073	while trying to handle:
   3.5073	cap fault in receive phase at address 0
   3.5073	in thread 0x8000008400 "sel4test-tests" at address 0x42affc
   3.5073	With stack:
   3.5073	0x10011920: 0x10011990
   3.5073	0x10011928: 0x10011998
   3.5073	0x10011930: 0x100119a0
   3.5073	0x10011938: 0x100119a8
   3.6076	0x10011940: 0x100119b8
   3.6076	0x10011948: 0x100119b0
   3.6076	0x10011950: 0x0
   3.6076	0x10011958: 0xfffffffffffffffb
   3.6076	0x10011960: 0x0
   3.6076	0x10011968: 0x10011a38
   3.6076	0x10011970: 0x100119c0
   3.6076	0x10011978: 0x42d33c
   3.6076	0x10011980: 0x0
   3.6076	0x10011988: 0x0
   3.6076	0x10011990: 0x2
   3.6076	0x10011998: 0x10011a38
   3.8079	[    0.000000] Booting Linux on physical CPU 0x0000000000 [0x411fd050]
   3.8079	[    0.000000] Linux version 6.1.0 (linh@lindt) (aarch64-none-elf-gcc (Arm GNU Toolchain 13.2.rel1 (Build arm-13.7)) 13.2.1 20231009, GNU ld (Arm GNU Toolchain 13.2.rel1 (Build arm-13.7)) 2.41.0.20231009) #1 SMP PREEMPT Thu Jul  4 13:15:57 PDT 2024
   3.8079	[    0.000000] Machine model: Hardkernel ODROID-C4
   3.9080	[    0.000000] efi: UEFI not found.
   3.9080	[    0.000000] OF: reserved mem: invalid alloc-ranges property in 'linux,cma', skipping node.
   3.9080	[    0.000000] NUMA: No NUMA configuration found
   3.9080	[    0.000000] NUMA: Faking a node at [mem 0x0000000020000000-0x000000002fffffff]
   3.9080	[    0.000000] NUMA: NODE_DATA [mem 0x2d61fa00-0x2d621fff]
   3.9080	[    0.000000] Zone ranges:
   3.9080	[    0.000000]   DMA      [mem 0x0000000020000000-0x000000002fffffff]
   3.9080	[    0.000000]   DMA32    empty
   3.9080	[    0.000000]   Normal   empty
   3.9080	[    0.000000] Movable zone start for each node
   3.9080	[    0.000000] Early memory node ranges
   3.9080	[    0.000000]   node   0: [mem 0x0000000020000000-0x000000002fffffff]
   3.9080	[    0.000000] Initmem setup node 0 [mem 0x0000000020000000-0x000000002fffffff]
   3.9080	[    0.000000] cma: Reserved 32 MiB at 0x000000002b000000
   3.9080	[    0.000000] psci: probing for conduit method from DT.
   3.9080	[    0.000000] psci: PSCIv1.2 detected in firmware.
   3.9080	[    0.000000] psci: Using standard PSCI v0.2 function IDs
   3.9080	[    0.000000] psci: Trusted OS migration not required
   4.0081	[    0.000000] psci: SMC Calling Convention v1.0
   4.0081	[    0.000000] percpu: Embedded 19 pages/cpu s40904 r8192 d28728 u77824
   4.0081	[    0.000000] pcpu-alloc: s40904 r8192 d28728 u77824 alloc=19*4096
   4.0081	[    0.000000] pcpu-alloc: [0] 0 [0] 1 [0] 2 [0] 3 
   4.0081	[    0.000000] Detected VIPT I-cache on CPU0
   4.0081	[    0.000000] CPU features: detected: Qualcomm erratum 1009, or ARM erratum 1286807, 2441009
   4.0081	[    0.000000] CPU features: detected: ARM errata 1165522, 1319367, or 1530923
   4.0081	[    0.000000] alternatives: applying boot alternatives
   4.0081	[    0.000000] Fallback order for Node 0: 0 
   4.0081	[    0.000000] Built 1 zonelists, mobility grouping on.  Total pages: 64512
   4.0081	[    0.000000] Policy zone: DMA
   4.0081	[    0.000000] Kernel command line: console=ttyAML0,115200n8 root=/dev/ram0 nosmp rw debug loglevel=8 pci=nomsi earlyprintk=serial maxcpus=1
   4.0081	[    0.000000] Unknown kernel command line parameters "pci=nomsi earlyprintk=serial", will be passed to user space.
   4.0081	[    0.000000] Dentry cache hash table entries: 32768 (order: 6, 262144 bytes, linear)
   4.1082	[    0.000000] Inode-cache hash table entries: 16384 (order: 5, 131072 bytes, linear)
   4.1082	[    0.000000] mem auto-init: stack:off, heap alloc:off, heap free:off
   4.1082	[    0.000000] Memory: 167520K/262144K available (8384K kernel code, 1000K rwdata, 2388K rodata, 1664K init, 462K bss, 61856K reserved, 32768K cma-reserved)
   4.1082	[    0.000000] SLUB: HWalign=64, Order=0-3, MinObjects=0, CPUs=4, Nodes=1
   4.1082	[    0.000000] rcu: Preemptible hierarchical RCU implementation.
   4.1082	[    0.000000] rcu: 	RCU event tracing is enabled.
   4.1082	[    0.000000] rcu: 	RCU restricting CPUs from NR_CPUS=256 to nr_cpu_ids=4.
   4.1082	[    0.000000] 	Trampoline variant of Tasks RCU enabled.
   4.1082	[    0.000000] 	Tracing variant of Tasks RCU enabled.
   4.1082	[    0.000000] rcu: RCU calculated value of scheduler-enlistment delay is 25 jiffies.
   4.1082	[    0.000000] rcu: Adjusting geometry for rcu_fanout_leaf=16, nr_cpu_ids=4
   4.1082	[    0.000000] NR_IRQS: 64, nr_irqs: 64, preallocated irqs: 0
   4.2083	[    0.000000] Root IRQ handler: gic_handle_irq
   4.2083	[    0.000000] rcu: srcu_init: Setting srcu_struct sizes based on contention.
   4.2084	[    0.000000] arch_timer: cp15 timer(s) running at 24.00MHz (virt).
   4.2084	[    0.000000] clocksource: arch_sys_counter: mask: 0xffffffffffffff max_cycles: 0x588fe9dc0, max_idle_ns: 440795202592 ns
   4.2084	[    0.000000] sched_clock: 56 bits at 24MHz, resolution 41ns, wraps every 4398046511097ns
   4.2084	[    0.000173] Console: colour dummy device 80x25
   4.2084	[    0.000238] Calibrating delay loop (skipped), value calculated using timer frequency.. 48.00 BogoMIPS (lpj=96000)
   4.2084	[    0.000251] pid_max: default: 32768 minimum: 301
   4.2084	[    0.000315] LSM: Security Framework initializing
   4.2084	[    0.000358] Mount-cache hash table entries: 512 (order: 0, 4096 bytes, linear)
   4.2084	[    0.000368] Mountpoint-cache hash table entries: 512 (order: 0, 4096 bytes, linear)
   4.2084	[    0.001878] cblist_init_generic: Setting adjustable number of callback queues.
   4.3085	[    0.001890] cblist_init_generic: Setting shift to 2 and lim to 1.
   4.3085	[    0.001972] cblist_init_generic: Setting shift to 2 and lim to 1.
   4.3085	[    0.002146] rcu: Hierarchical SRCU implementation.
   4.3085	[    0.002151] rcu: 	Max phase no-delay instances is 1000.
   4.3085	[    0.003572] EFI services will not be available.
   4.3085	[    0.003948] smp: Bringing up secondary CPUs ...
   4.3085	[    0.003955] smp: Brought up 1 node, 1 CPU
   4.3085	[    0.003961] SMP: Total of 1 processors activated.
   4.3085	[    0.003968] CPU features: detected: 32-bit EL0 Support
   4.3085	[    0.003971] CPU features: detected: 32-bit EL1 Support
   4.3085	[    0.003976] CPU features: detected: Data cache clean to the PoU not required for I/D coherence
   4.3085	[    0.003981] CPU features: detected: Common not Private translations
   4.3085	[    0.003984] CPU features: detected: CRC32 instructions
   4.3085	[    0.003991] CPU features: detected: RCpc load-acquire (LDAPR)
   4.3085	[    0.003994] CPU features: detected: LSE atomic instructions
   4.3085	[    0.003997] CPU features: detected: Privileged Access Never
   4.4085	[    0.004000] CPU features: detected: RAS Extension Support
   4.4086	[    0.004072] CPU: All CPU(s) started at EL1
   4.4086	[    0.004091] alternatives: applying system-wide alternatives
   4.4086	[    0.006458] devtmpfs: initialized
   4.4086	[    0.015464] clocksource: jiffies: mask: 0xffffffff max_cycles: 0xffffffff, max_idle_ns: 7645041785100000 ns
   4.4086	[    0.015487] futex hash table entries: 1024 (order: 4, 65536 bytes, linear)
   4.4086	[    0.016641] DMI not present or invalid.
   4.4086	[    0.017408] DMA: preallocated 128 KiB GFP_KERNEL pool for atomic allocations
   4.4086	[    0.017477] DMA: preallocated 128 KiB GFP_KERNEL|GFP_DMA pool for atomic allocations
   4.4086	[    0.017557] DMA: preallocated 128 KiB GFP_KERNEL|GFP_DMA32 pool for atomic allocations
   4.4086	[    0.017913] thermal_sys: Registered thermal governor 'step_wise'
   4.4086	[    0.017919] thermal_sys: Registered thermal governor 'power_allocator'
   4.4086	[    0.017954] cpuidle: using governor menu
   4.4086	[    0.018051] hw-breakpoint: found 6 breakpoint and 4 watchpoint registers.
   4.5086	[    0.018079] ASID allocator initialised with 65536 entries
   4.5086	[    0.018902] Serial: AMBA PL011 UART driver
   4.5086	[    0.035716] platform hdmi-connector: Fixing up cyclic dependency with ff600000.hdmi-tx
   4.5086	[    0.036521] KASLR disabled due to lack of seed
   4.5086	[    0.041051] HugeTLB: registered 1.00 GiB page size, pre-allocated 0 pages
   4.5086	[    0.041060] HugeTLB: 16380 KiB vmemmap can be freed for a 1.00 GiB page
   4.5086	[    0.041066] HugeTLB: registered 32.0 MiB page size, pre-allocated 0 pages
   4.5086	[    0.041069] HugeTLB: 508 KiB vmemmap can be freed for a 32.0 MiB page
   4.5086	[    0.041074] HugeTLB: registered 2.00 MiB page size, pre-allocated 0 pages
   4.5086	[    0.041077] HugeTLB: 28 KiB vmemmap can be freed for a 2.00 MiB page
   4.5086	[    0.041081] HugeTLB: registered 64.0 KiB page size, pre-allocated 0 pages
   4.5086	[    0.041084] HugeTLB: 0 KiB vmemmap can be freed for a 64.0 KiB page
   4.5086	[    0.042514] iommu: Default domain type: Translated 
   4.5086	[    0.042522] iommu: DMA domain TLB invalidation policy: strict mode 
   4.5086	[    0.042773] SCSI subsystem initialized
   4.5086	[    0.042902] libata version 3.00 loaded.
   4.5086	[    0.043124] pps_core: LinuxPPS API ver. 1 registered
   4.6087	[    0.043129] pps_core: Software ver. 5.3.6 - Copyright 2005-2007 Rodolfo Giometti <giometti@linux.it>
   4.6087	[    0.043272] EDAC MC: Ver: 3.0.0
   4.6087	[    0.044043] FPGA manager framework
   4.6087	[    0.044303] clocksource: Switched to clocksource arch_sys_counter
   4.6087	[    0.044515] VFS: Disk quotas dquot_6.6.0
   4.6087	[    0.044558] VFS: Dquot-cache hash table entries: 512 (order 0, 4096 bytes)
   4.6087	[    0.051932] kvm [1]: HYP mode not available
   4.6087	[    0.052789] Initialise system trusted keyrings
   4.6087	[    0.053099] Unpacking initramfs...
   4.6087	[    0.060421] workingset: timestamp_bits=42 max_order=16 bucket_order=0
   4.6087	[    0.065936] squashfs: version 4.0 (2009/01/31) Phillip Lougher
   4.6087	[    0.142025] Key type asymmetric registered
   4.6087	[    0.142041] Asymmetric key parser 'x509' registered
   4.6087	[    0.142134] Block layer SCSI generic (bsg) driver version 0.4 loaded (major 249)
   4.6087	[    0.142141] io scheduler mq-deadline registered
   4.6087	[    0.142146] io scheduler kyber registered
   4.6087	[    0.142329] io scheduler bfq registered
   4.6087	[    0.149067] irq_meson_gpio: 100 to 8 gpio interrupt mux initialized
   4.6087	[    0.167121] Serial: 8250/16550 driver, 4 ports, IRQ sharing enabled
   4.7088	[    0.169669] ff803000.serial: ttyAML0 at MMIO 0xff803000 (irq = 14, base_baud = 1500000) is a meson_uart
   4.7088	[    0.806582] Freeing initrd memory: 41980K
   4.7088	[    1.003833] printk: console [ttyAML0] enabled
   4.7088	[    1.011637] VFIO - User Level meta-driver version: 0.3
   4.7088	[    1.013406] i2c_dev: i2c /dev entries driver
   4.7088	[    1.018965] cpu cpu0: error -ENODEV: _opp_set_regulators: no regulator (cpu) found
   4.7088	[    1.024363] cpu cpu0: error -ENODEV: failed to set regulators
   4.7088	[    1.030400] ledtrig-cpu: registered to indicate activity on CPUs
   4.7088	[    1.038063] Loading compiled-in X.509 certificates
   4.7088	[    1.059841] Freeing unused kernel memory: 1664K
   4.7088	[    1.060492] Run /init as init process
   4.7088	[    1.060518]   with arguments:
   4.7088	[    1.061459]     /init
   4.7088	[    1.063702]   with environment:
   4.7088	[    1.066792]     HOME=/
   4.7088	[    1.069003]     TERM=linux
   4.7088	[    1.071596]     pci=nomsi
   4.7088	[    1.074148]     earlyprintk=serial
   4.8089	Starting syslogd: OK
   4.8089	Starting klogd: OK
   4.8090	Running sysctl: OK
   6.9152	Saving random seed: [    3.204310] random: crng init done
   6.9152	OK
   6.9152	Starting network: ip: socket: Function not implemented
   6.9152	ip: socket: Function not implemented
   6.9152	FAIL
  12.1273	
  12.1273	Welcome to Buildroot
  12.1273	buildroot login: 
